// Jest Snapshot v1, https://goo.gl/fbAQLP

exports[`ClickedContainer should match snapshot upon render 1`] = `
ShallowWrapper {
  "length": 1,
  Symbol(enzyme.__root__): [Circular],
  Symbol(enzyme.__unrendered__): <Unknown
    addClickedCard={[Function]}
    allDistricts={Array []}
    compareDistrictAverages={[Function]}
    findAverage={[Function]}
/>,
  Symbol(enzyme.__renderer__): Object {
    "batchedUpdates": [Function],
    "getNode": [Function],
    "render": [Function],
    "simulateEvent": [Function],
    "unmount": [Function],
  },
  Symbol(enzyme.__node__): Object {
    "instance": null,
    "key": undefined,
    "nodeType": "host",
    "props": Object {
      "children": Array [
        undefined,
        <Unknown
          clickedCards={Array []}
          compareDistrictAverages={[Function]}
          findAverage={[Function]}
/>,
        undefined,
      ],
      "className": "clicked-container",
    },
    "ref": null,
    "rendered": Array [
      undefined,
      Object {
        "instance": null,
        "key": undefined,
        "nodeType": "function",
        "props": Object {
          "clickedCards": Array [],
          "compareDistrictAverages": [Function],
          "findAverage": [Function],
        },
        "ref": null,
        "rendered": null,
        "type": [Function],
      },
      undefined,
    ],
    "type": "div",
  },
  Symbol(enzyme.__nodes__): Array [
    Object {
      "instance": null,
      "key": undefined,
      "nodeType": "host",
      "props": Object {
        "children": Array [
          undefined,
          <Unknown
            clickedCards={Array []}
            compareDistrictAverages={[Function]}
            findAverage={[Function]}
/>,
          undefined,
        ],
        "className": "clicked-container",
      },
      "ref": null,
      "rendered": Array [
        undefined,
        Object {
          "instance": null,
          "key": undefined,
          "nodeType": "function",
          "props": Object {
            "clickedCards": Array [],
            "compareDistrictAverages": [Function],
            "findAverage": [Function],
          },
          "ref": null,
          "rendered": null,
          "type": [Function],
        },
        undefined,
      ],
      "type": "div",
    },
  ],
  Symbol(enzyme.__options__): Object {
    "adapter": ReactSixteenAdapter {
      "options": Object {
        "enableComponentDidUpdateOnSetState": true,
      },
    },
  },
}
`;
