// Jest Snapshot v1, https://goo.gl/fbAQLP

exports[`CardContainer matches a snapshot of the rendered card container 1`] = `
ShallowWrapper {
  "length": 1,
  Symbol(enzyme.__root__): [Circular],
  Symbol(enzyme.__unrendered__): <Unknown
    allDistricts={
        Array [
            Object {
              "location": "Colorado",
              "stats": Object {
                "2004": 0.24,
                "2005": 0.278,
                "2006": 0.337,
                "2007": 0.395,
              },
            },
          ]
    }
/>,
  Symbol(enzyme.__renderer__): Object {
    "batchedUpdates": [Function],
    "getNode": [Function],
    "render": [Function],
    "simulateEvent": [Function],
    "unmount": [Function],
  },
  Symbol(enzyme.__node__): Object {
    "instance": null,
    "key": undefined,
    "nodeType": "host",
    "props": Object {
      "children": Array [
        <Unknown
          location="Colorado"
          stats={
                    Object {
                              "2004": 0.24,
                              "2005": 0.278,
                              "2006": 0.337,
                              "2007": 0.395,
                            }
          }
/>,
      ],
      "className": "card-container",
    },
    "ref": null,
    "rendered": Array [
      Object {
        "instance": null,
        "key": "0",
        "nodeType": "function",
        "props": Object {
          "location": "Colorado",
          "stats": Object {
            "2004": 0.24,
            "2005": 0.278,
            "2006": 0.337,
            "2007": 0.395,
          },
        },
        "ref": null,
        "rendered": null,
        "type": [Function],
      },
    ],
    "type": "div",
  },
  Symbol(enzyme.__nodes__): Array [
    Object {
      "instance": null,
      "key": undefined,
      "nodeType": "host",
      "props": Object {
        "children": Array [
          <Unknown
            location="Colorado"
            stats={
                        Object {
                                    "2004": 0.24,
                                    "2005": 0.278,
                                    "2006": 0.337,
                                    "2007": 0.395,
                                  }
            }
/>,
        ],
        "className": "card-container",
      },
      "ref": null,
      "rendered": Array [
        Object {
          "instance": null,
          "key": "0",
          "nodeType": "function",
          "props": Object {
            "location": "Colorado",
            "stats": Object {
              "2004": 0.24,
              "2005": 0.278,
              "2006": 0.337,
              "2007": 0.395,
            },
          },
          "ref": null,
          "rendered": null,
          "type": [Function],
        },
      ],
      "type": "div",
    },
  ],
  Symbol(enzyme.__options__): Object {
    "adapter": ReactSixteenAdapter {
      "options": Object {
        "enableComponentDidUpdateOnSetState": true,
      },
    },
  },
}
`;
